============================= test session starts ==============================
platform linux -- Python 3.13.5, pytest-8.4.1, pluggy-1.6.0
rootdir: /home/fwu/Documents/Research/SkillLearning/ImitationLearningTools
configfile: pyproject.toml
collected 0 items / 1 error

==================================== ERRORS ====================================
_____________ ERROR collecting tests/datasets/test_amass_loader.py _____________
ImportError while importing test module '/home/fwu/Documents/Research/SkillLearning/ImitationLearningTools/tests/datasets/test_amass_loader.py'.
Hint: make sure your test modules/packages have valid Python names.
Traceback:
/usr/lib/python3.13/importlib/__init__.py:88: in import_module
    return _bootstrap._gcd_import(name[level:], package, level)
           ^^^^^^^^^^^^^^^^^^^^^^^^^^^^^^^^^^^^^^^^^^^^^^^^^^^^
tests/datasets/test_amass_loader.py:3: in <module>
    import torch
E   ModuleNotFoundError: No module named 'torch'
=========================== short test summary info ============================
ERROR tests/datasets/test_amass_loader.py
!!!!!!!!!!!!!!!!!!!!!!!!!! stopping after 1 failures !!!!!!!!!!!!!!!!!!!!!!!!!!!
=============================== 1 error in 0.07s ===============================
